// Jest Snapshot v1, https://goo.gl/fbAQLP

exports[`ButtonSave Is it ButtonSave Exist 1`] = `
<ForwardRef(Stack)
  alignItems="center"
  direction="row"
  spacing={0.5}
>
  <ForwardRef(IconButton)
    aria-label="save"
    color="primary"
    id={1}
    onClick={[Function]}
  >
    <Memo(ForwardRef(SaveIcon)) />
  </ForwardRef(IconButton)>
</ForwardRef(Stack)>
`;
